// Jest Snapshot v1, https://goo.gl/fbAQLP

exports[`Test Add Post Screen should render correctly 1`] = `
<View
  collapsable={false}
  pointerEvents="box-none"
  style={
    Object {
      "flex": 1,
    }
  }
>
  <RCTScrollView
    style={
      Object {
        "flex": 1,
        "paddingVertical": 20,
      }
    }
  >
    <View>
      <View
        style={
          Object {
            "flexDirection": "row",
          }
        }
      >
        <View
          style={
            Object {
              "backgroundColor": "#ddd",
              "borderColor": "#333",
              "flex": 0,
              "marginLeft": 10,
              "padding": 10,
            }
          }
        >
          <View
            accessible={true}
            collapsable={false}
            focusable={true}
            onClick={[Function]}
            onResponderGrant={[Function]}
            onResponderMove={[Function]}
            onResponderRelease={[Function]}
            onResponderTerminate={[Function]}
            onResponderTerminationRequest={[Function]}
            onStartShouldSetResponder={[Function]}
            style={
              Object {
                "alignItems": "center",
                "justifyContent": "center",
                "opacity": 1,
              }
            }
          >
            <Text
              allowFontScaling={false}
              selectable={false}
              style={
                Array [
                  Object {
                    "color": "#333",
                    "fontSize": 30,
                  },
                  undefined,
                  Object {
                    "fontFamily": "Ionicons",
                    "fontStyle": "normal",
                    "fontWeight": "normal",
                  },
                  Object {},
                ]
              }
            >
              
            </Text>
            <Text>
              Choose Photo
            </Text>
          </View>
        </View>
        <RCTScrollView
          data={
            Array [
              Object {
                "fileName": "rn_image_picker_lib_temp_283c7c3b-b014-4ef4-b95a-c092bcefe2aa.jpg",
                "fileSize": 6689,
                "height": 480,
                "type": "image/jpeg",
                "uri": "file:///data/user/0/com.PostManagementApp/cache/rn_image_picker_lib_temp_283c7c3b-b014-4ef4-b95a-c092bcefe2aa.jpg",
                "width": 480,
              },
            ]
          }
          extraData={
            Array [
              Object {
                "fileName": "rn_image_picker_lib_temp_283c7c3b-b014-4ef4-b95a-c092bcefe2aa.jpg",
                "fileSize": 6689,
                "height": 480,
                "type": "image/jpeg",
                "uri": "file:///data/user/0/com.PostManagementApp/cache/rn_image_picker_lib_temp_283c7c3b-b014-4ef4-b95a-c092bcefe2aa.jpg",
                "width": 480,
              },
            ]
          }
          getItem={[Function]}
          getItemCount={[Function]}
          horizontal={true}
          keyExtractor={[Function]}
          onContentSizeChange={[Function]}
          onLayout={[Function]}
          onMomentumScrollBegin={[Function]}
          onMomentumScrollEnd={[Function]}
          onScroll={[Function]}
          onScrollBeginDrag={[Function]}
          onScrollEndDrag={[Function]}
          removeClippedSubviews={false}
          renderItem={[Function]}
          scrollEventThrottle={50}
          stickyHeaderIndices={Array []}
          viewabilityConfigCallbackPairs={Array []}
        >
          <View>
            <View
              onLayout={[Function]}
              style={
                Array [
                  Object {
                    "flexDirection": "row",
                  },
                  null,
                ]
              }
            >
              <Image
                source={
                  Object {
                    "uri": "file:///data/user/0/com.PostManagementApp/cache/rn_image_picker_lib_temp_283c7c3b-b014-4ef4-b95a-c092bcefe2aa.jpg",
                  }
                }
                style={
                  Object {
                    "height": 75,
                    "marginLeft": 10,
                    "width": 75,
                  }
                }
              />
              <Text
                allowFontScaling={false}
                onPress={[Function]}
                selectable={false}
                style={
                  Array [
                    Object {
                      "color": "#b80d0d",
                      "fontSize": 20,
                    },
                    Object {
                      "left": -15,
                      "position": "relative",
                      "top": -5,
                    },
                    Object {
                      "fontFamily": "Ionicons",
                      "fontStyle": "normal",
                      "fontWeight": "normal",
                    },
                    Object {},
                  ]
                }
              >
                
              </Text>
            </View>
          </View>
        </RCTScrollView>
      </View>
      <Text
        style={
          Object {
            "color": "#333",
            "fontWeight": "bold",
            "paddingHorizontal": 10,
          }
        }
      >
        Details
      </Text>
      <View
        style={
          Object {
            "backgroundColor": "#ffffff",
            "marginBottom": 20,
            "padding": 10,
            "width": "100%",
          }
        }
      >
        <View
          style={Object {}}
        >
          <View
            pointerEvents="none"
            style={
              Array [
                Object {
                  "bottom": 0,
                  "left": 0,
                  "position": "absolute",
                  "right": 0,
                  "top": 6,
                },
                Object {
                  "backgroundColor": "#f6f6f6",
                  "borderColor": "rgba(0, 0, 0, 0.54)",
                  "borderRadius": 4,
                  "borderWidth": 1,
                },
              ]
            }
            testID="text-input-outline"
          />
          <View>
            <View
              style={
                Array [
                  Object {
                    "paddingBottom": 0,
                  },
                  Object {
                    "minHeight": 64,
                    "paddingTop": 8,
                  },
                ]
              }
            >
              <View
                collapsable={false}
                pointerEvents="none"
                style={
                  Object {
                    "bottom": 0,
                    "left": 0,
                    "opacity": 0,
                    "position": "absolute",
                    "right": 0,
                    "top": 0,
                    "transform": Array [
                      Object {
                        "translateX": 0,
                      },
                    ],
                    "zIndex": 3,
                  }
                }
              >
                <View
                  collapsable={false}
                  pointerEvents="none"
                  style={
                    Object {
                      "backgroundColor": "#f6f6f6",
                      "bottom": 4,
                      "left": 10,
                      "maxHeight": 2,
                      "opacity": 0,
                      "position": "absolute",
                      "right": 0,
                      "top": 6,
                      "transform": Array [
                        Object {
                          "translateX": 0,
                        },
                      ],
                      "width": 12,
                    }
                  }
                />
                <Text
                  collapsable={false}
                  numberOfLines={1}
                  style={
                    Object {
                      "backgroundColor": "#f6f6f6",
                      "color": "transparent",
                      "fontFamily": "System",
                      "fontSize": 16,
                      "fontWeight": undefined,
                      "left": 18,
                      "maxWidth": -28,
                      "opacity": 0,
                      "paddingHorizontal": 0,
                      "position": "absolute",
                      "textAlign": "left",
                      "top": 37,
                      "transform": Array [
                        Object {
                          "translateX": 0,
                        },
                        Object {
                          "translateY": 0,
                        },
                        Object {
                          "scale": 1,
                        },
                        Object {
                          "scaleY": 1,
                        },
                      ],
                      "writingDirection": "ltr",
                    }
                  }
                >
                  Product Company
                </Text>
                <Text
                  collapsable={false}
                  numberOfLines={1}
                  onLayout={[Function]}
                  style={
                    Object {
                      "color": "#6200ee",
                      "fontFamily": "System",
                      "fontSize": 16,
                      "fontWeight": undefined,
                      "left": 0,
                      "opacity": 0,
                      "paddingHorizontal": 14,
                      "position": "absolute",
                      "textAlign": "left",
                      "top": 36,
                      "transform": Array [
                        Object {
                          "translateX": 0,
                        },
                        Object {
                          "translateY": 0,
                        },
                        Object {
                          "scale": 1,
                        },
                      ],
                      "writingDirection": "ltr",
                    }
                  }
                >
                  Product Company
                </Text>
                <Text
                  collapsable={false}
                  numberOfLines={1}
                  style={
                    Object {
                      "color": "rgba(0, 0, 0, 0.54)",
                      "fontFamily": "System",
                      "fontSize": 16,
                      "fontWeight": undefined,
                      "left": 0,
                      "opacity": 0,
                      "paddingHorizontal": 14,
                      "position": "absolute",
                      "textAlign": "left",
                      "top": 36,
                      "transform": Array [
                        Object {
                          "translateX": 0,
                        },
                        Object {
                          "translateY": 0,
                        },
                        Object {
                          "scale": 1,
                        },
                      ],
                      "writingDirection": "ltr",
                    }
                  }
                >
                  Product Company
                </Text>
              </View>
              <TextInput
                editable={true}
                multiline={false}
                onBlur={[Function]}
                onChangeText={[Function]}
                onFocus={[Function]}
                placeholder=""
                placeholderTextColor="rgba(0, 0, 0, 0.54)"
                selectionColor="#6200ee"
                style={
                  Array [
                    Object {
                      "flexGrow": 1,
                      "margin": 0,
                      "paddingHorizontal": 14,
                      "zIndex": 1,
                    },
                    Object {
                      "height": 56,
                    },
                    Object {
                      "paddingBottom": 0,
                      "paddingTop": 0,
                    },
                    Object {
                      "color": "#000000",
                      "fontFamily": "System",
                      "fontSize": 16,
                      "fontWeight": undefined,
                      "textAlign": "left",
                      "textAlignVertical": "center",
                    },
                    false,
                    Array [
                      Object {},
                    ],
                  ]
                }
                testID="text-input-outlined"
                underlineColorAndroid="transparent"
                value="bb"
              />
            </View>
          </View>
        </View>
        <Text
          collapsable={false}
          onLayout={[Function]}
          style={
            Object {
              "color": "#B00020",
              "fontFamily": "System",
              "fontSize": 12,
              "fontWeight": "400",
              "opacity": 0,
              "paddingHorizontal": 12,
              "paddingVertical": 4,
              "textAlign": "left",
              "transform": Array [],
              "writingDirection": "ltr",
            }
          }
        >
          
        </Text>
        <View
          style={Object {}}
        >
          <View
            pointerEvents="none"
            style={
              Array [
                Object {
                  "bottom": 0,
                  "left": 0,
                  "position": "absolute",
                  "right": 0,
                  "top": 6,
                },
                Object {
                  "backgroundColor": "#f6f6f6",
                  "borderColor": "rgba(0, 0, 0, 0.54)",
                  "borderRadius": 4,
                  "borderWidth": 1,
                },
              ]
            }
            testID="text-input-outline"
          />
          <View>
            <View
              style={
                Array [
                  Object {
                    "paddingBottom": 0,
                  },
                  Object {
                    "minHeight": 64,
                    "paddingTop": 8,
                  },
                ]
              }
            >
              <View
                collapsable={false}
                pointerEvents="none"
                style={
                  Object {
                    "bottom": 0,
                    "left": 0,
                    "opacity": 0,
                    "position": "absolute",
                    "right": 0,
                    "top": 0,
                    "transform": Array [
                      Object {
                        "translateX": 3,
                      },
                    ],
                    "zIndex": 3,
                  }
                }
              >
                <View
                  collapsable={false}
                  pointerEvents="none"
                  style={
                    Object {
                      "backgroundColor": "#f6f6f6",
                      "bottom": 4,
                      "left": 10,
                      "maxHeight": 2,
                      "opacity": 1,
                      "position": "absolute",
                      "right": 0,
                      "top": 6,
                      "transform": Array [
                        Object {
                          "translateX": -3,
                        },
                      ],
                      "width": 12,
                    }
                  }
                />
                <Text
                  collapsable={false}
                  numberOfLines={1}
                  style={
                    Object {
                      "backgroundColor": "#f6f6f6",
                      "color": "transparent",
                      "fontFamily": "System",
                      "fontSize": 16,
                      "fontWeight": undefined,
                      "left": 18,
                      "maxWidth": -28,
                      "opacity": 1,
                      "paddingHorizontal": 0,
                      "position": "absolute",
                      "textAlign": "left",
                      "top": 37,
                      "transform": Array [
                        Object {
                          "translateX": 0,
                        },
                        Object {
                          "translateY": -30,
                        },
                        Object {
                          "scale": 0.75,
                        },
                        Object {
                          "scaleY": 0.2,
                        },
                      ],
                      "writingDirection": "ltr",
                    }
                  }
                >
                  Year of registration
                </Text>
                <Text
                  collapsable={false}
                  numberOfLines={1}
                  onLayout={[Function]}
                  style={
                    Object {
                      "color": "#6200ee",
                      "fontFamily": "System",
                      "fontSize": 16,
                      "fontWeight": undefined,
                      "left": 0,
                      "opacity": 0,
                      "paddingHorizontal": 14,
                      "position": "absolute",
                      "textAlign": "left",
                      "top": 36,
                      "transform": Array [
                        Object {
                          "translateX": 0,
                        },
                        Object {
                          "translateY": -30,
                        },
                        Object {
                          "scale": 0.75,
                        },
                      ],
                      "writingDirection": "ltr",
                    }
                  }
                >
                  Year of registration
                </Text>
                <Text
                  collapsable={false}
                  numberOfLines={1}
                  style={
                    Object {
                      "color": "rgba(0, 0, 0, 0.54)",
                      "fontFamily": "System",
                      "fontSize": 16,
                      "fontWeight": undefined,
                      "left": 0,
                      "opacity": 0,
                      "paddingHorizontal": 14,
                      "position": "absolute",
                      "textAlign": "left",
                      "top": 36,
                      "transform": Array [
                        Object {
                          "translateX": 0,
                        },
                        Object {
                          "translateY": -30,
                        },
                        Object {
                          "scale": 0.75,
                        },
                      ],
                      "writingDirection": "ltr",
                    }
                  }
                >
                  Year of registration
                </Text>
              </View>
              <TextInput
                editable={true}
                keyboardType="number-pad"
                multiline={false}
                onBlur={[Function]}
                onChangeText={[Function]}
                onFocus={[Function]}
                placeholder=""
                placeholderTextColor="rgba(0, 0, 0, 0.54)"
                selectionColor="#6200ee"
                style={
                  Array [
                    Object {
                      "flexGrow": 1,
                      "margin": 0,
                      "paddingHorizontal": 14,
                      "zIndex": 1,
                    },
                    Object {
                      "height": 56,
                    },
                    Object {
                      "paddingBottom": 0,
                      "paddingTop": 0,
                    },
                    Object {
                      "color": "#000000",
                      "fontFamily": "System",
                      "fontSize": 16,
                      "fontWeight": undefined,
                      "textAlign": "left",
                      "textAlignVertical": "center",
                    },
                    false,
                    Array [
                      Object {},
                    ],
                  ]
                }
                testID="text-input-outlined"
                underlineColorAndroid="transparent"
                value="2222"
              />
            </View>
          </View>
        </View>
        <Text
          collapsable={false}
          onLayout={[Function]}
          style={
            Object {
              "color": "#B00020",
              "fontFamily": "System",
              "fontSize": 12,
              "fontWeight": "400",
              "opacity": 0,
              "paddingHorizontal": 12,
              "paddingVertical": 4,
              "textAlign": "left",
              "transform": Array [],
              "writingDirection": "ltr",
            }
          }
        >
          
        </Text>
        <View
          style={Object {}}
        >
          <View
            pointerEvents="none"
            style={
              Array [
                Object {
                  "bottom": 0,
                  "left": 0,
                  "position": "absolute",
                  "right": 0,
                  "top": 6,
                },
                Object {
                  "backgroundColor": "#f6f6f6",
                  "borderColor": "rgba(0, 0, 0, 0.54)",
                  "borderRadius": 4,
                  "borderWidth": 1,
                },
              ]
            }
            testID="text-input-outline"
          />
          <View>
            <View
              style={
                Array [
                  Object {
                    "paddingBottom": 0,
                  },
                  Object {
                    "minHeight": 64,
                    "paddingTop": 8,
                  },
                ]
              }
            >
              <View
                collapsable={false}
                pointerEvents="none"
                style={
                  Object {
                    "bottom": 0,
                    "left": 0,
                    "opacity": 0,
                    "position": "absolute",
                    "right": 0,
                    "top": 0,
                    "transform": Array [
                      Object {
                        "translateX": 0,
                      },
                    ],
                    "zIndex": 3,
                  }
                }
              >
                <View
                  collapsable={false}
                  pointerEvents="none"
                  style={
                    Object {
                      "backgroundColor": "#f6f6f6",
                      "bottom": 4,
                      "left": 10,
                      "maxHeight": 2,
                      "opacity": 0,
                      "position": "absolute",
                      "right": 0,
                      "top": 6,
                      "transform": Array [
                        Object {
                          "translateX": 0,
                        },
                      ],
                      "width": 12,
                    }
                  }
                />
                <Text
                  collapsable={false}
                  numberOfLines={1}
                  style={
                    Object {
                      "backgroundColor": "#f6f6f6",
                      "color": "transparent",
                      "fontFamily": "System",
                      "fontSize": 16,
                      "fontWeight": undefined,
                      "left": 18,
                      "maxWidth": -28,
                      "opacity": 0,
                      "paddingHorizontal": 0,
                      "position": "absolute",
                      "textAlign": "left",
                      "top": 37,
                      "transform": Array [
                        Object {
                          "translateX": 0,
                        },
                        Object {
                          "translateY": 0,
                        },
                        Object {
                          "scale": 1,
                        },
                        Object {
                          "scaleY": 1,
                        },
                      ],
                      "writingDirection": "ltr",
                    }
                  }
                >
                  Type of product
                </Text>
                <Text
                  collapsable={false}
                  numberOfLines={1}
                  onLayout={[Function]}
                  style={
                    Object {
                      "color": "#6200ee",
                      "fontFamily": "System",
                      "fontSize": 16,
                      "fontWeight": undefined,
                      "left": 0,
                      "opacity": 0,
                      "paddingHorizontal": 14,
                      "position": "absolute",
                      "textAlign": "left",
                      "top": 36,
                      "transform": Array [
                        Object {
                          "translateX": 0,
                        },
                        Object {
                          "translateY": 0,
                        },
                        Object {
                          "scale": 1,
                        },
                      ],
                      "writingDirection": "ltr",
                    }
                  }
                >
                  Type of product
                </Text>
                <Text
                  collapsable={false}
                  numberOfLines={1}
                  style={
                    Object {
                      "color": "rgba(0, 0, 0, 0.54)",
                      "fontFamily": "System",
                      "fontSize": 16,
                      "fontWeight": undefined,
                      "left": 0,
                      "opacity": 0,
                      "paddingHorizontal": 14,
                      "position": "absolute",
                      "textAlign": "left",
                      "top": 36,
                      "transform": Array [
                        Object {
                          "translateX": 0,
                        },
                        Object {
                          "translateY": 0,
                        },
                        Object {
                          "scale": 1,
                        },
                      ],
                      "writingDirection": "ltr",
                    }
                  }
                >
                  Type of product
                </Text>
              </View>
              <TextInput
                editable={true}
                multiline={false}
                onBlur={[Function]}
                onChangeText={[Function]}
                onFocus={[Function]}
                placeholder=""
                placeholderTextColor="rgba(0, 0, 0, 0.54)"
                selectionColor="#6200ee"
                style={
                  Array [
                    Object {
                      "flexGrow": 1,
                      "margin": 0,
                      "paddingHorizontal": 14,
                      "zIndex": 1,
                    },
                    Object {
                      "height": 56,
                    },
                    Object {
                      "paddingBottom": 0,
                      "paddingTop": 0,
                    },
                    Object {
                      "color": "#000000",
                      "fontFamily": "System",
                      "fontSize": 16,
                      "fontWeight": undefined,
                      "textAlign": "left",
                      "textAlignVertical": "center",
                    },
                    false,
                    Array [
                      Object {},
                    ],
                  ]
                }
                testID="text-input-outlined"
                underlineColorAndroid="transparent"
                value="b"
              />
            </View>
          </View>
        </View>
        <Text
          collapsable={false}
          onLayout={[Function]}
          style={
            Object {
              "color": "#B00020",
              "fontFamily": "System",
              "fontSize": 12,
              "fontWeight": "400",
              "opacity": 0,
              "paddingHorizontal": 12,
              "paddingVertical": 4,
              "textAlign": "left",
              "transform": Array [],
              "writingDirection": "ltr",
            }
          }
        >
          
        </Text>
        <Text>
          Status
        </Text>
        <View
          style={
            Object {
              "flexDirection": "row",
              "marginVertical": 10,
            }
          }
        >
          <View
            collapsable={false}
            style={
              Object {
                "backgroundColor": "#faedc8",
                "borderColor": "#faedc8",
                "borderRadius": 16,
                "borderStyle": "solid",
                "borderWidth": 0.5,
                "elevation": 0,
                "flexDirection": "column",
                "marginRight": 10,
              }
            }
          >
            <View
              accessibilityRole="button"
              accessibilityState={
                Object {
                  "disabled": false,
                  "selected": true,
                }
              }
              accessible={true}
              focusable={true}
              onClick={[Function]}
              onResponderGrant={[Function]}
              onResponderMove={[Function]}
              onResponderRelease={[Function]}
              onResponderTerminate={[Function]}
              onResponderTerminationRequest={[Function]}
              onStartShouldSetResponder={[Function]}
              style={
                Array [
                  Object {
                    "overflow": "hidden",
                  },
                  Array [
                    Object {
                      "borderRadius": 16,
                    },
                    Object {
                      "flexGrow": 1,
                    },
                  ],
                ]
              }
            >
              <View
                style={
                  Array [
                    Object {
                      "alignItems": "center",
                      "flexDirection": "row",
                      "flexGrow": 1,
                      "paddingLeft": 4,
                      "position": "relative",
                    },
                    Object {
                      "paddingRight": 4,
                    },
                  ]
                }
              >
                <View
                  style={
                    Array [
                      Object {
                        "alignSelf": "center",
                        "padding": 4,
                      },
                      null,
                    ]
                  }
                >
                  <Text
                    accessibilityElementsHidden={true}
                    allowFontScaling={false}
                    importantForAccessibility="no-hide-descendants"
                    pointerEvents="none"
                    selectable={false}
                    style={
                      Array [
                        Object {
                          "color": "rgba(252, 186, 3, 0.54)",
                          "fontSize": 18,
                        },
                        Array [
                          Object {
                            "lineHeight": 18,
                            "transform": Array [
                              Object {
                                "scaleX": 1,
                              },
                            ],
                          },
                          Object {
                            "backgroundColor": "transparent",
                          },
                        ],
                        Object {
                          "fontFamily": "Material Design Icons",
                          "fontStyle": "normal",
                          "fontWeight": "normal",
                        },
                        Object {},
                      ]
                    }
                  >
                    󰄬
                  </Text>
                </View>
                <Text
                  numberOfLines={1}
                  selectable={false}
                  style={
                    Array [
                      Object {
                        "color": "#000000",
                        "fontFamily": "System",
                        "fontWeight": "400",
                      },
                      Object {
                        "textAlign": "left",
                      },
                      Array [
                        Object {
                          "lineHeight": 24,
                          "marginVertical": 4,
                          "minHeight": 24,
                          "textAlignVertical": "center",
                        },
                        Object {
                          "color": "rgba(252, 186, 3, 0.87)",
                          "fontFamily": "System",
                          "fontWeight": "400",
                          "marginLeft": 4,
                          "marginRight": 8,
                        },
                        Object {
                          "color": "#fcba03",
                        },
                      ],
                    ]
                  }
                >
                  Used
                </Text>
              </View>
            </View>
          </View>
          <View
            collapsable={false}
            style={
              Object {
                "backgroundColor": "#ccc",
                "borderColor": "#ccc",
                "borderRadius": 16,
                "borderStyle": "solid",
                "borderWidth": 0.5,
                "elevation": 0,
                "flexDirection": "column",
              }
            }
          >
            <View
              accessibilityRole="button"
              accessibilityState={
                Object {
                  "disabled": false,
                  "selected": false,
                }
              }
              accessible={true}
              focusable={true}
              onClick={[Function]}
              onResponderGrant={[Function]}
              onResponderMove={[Function]}
              onResponderRelease={[Function]}
              onResponderTerminate={[Function]}
              onResponderTerminationRequest={[Function]}
              onStartShouldSetResponder={[Function]}
              style={
                Array [
                  Object {
                    "overflow": "hidden",
                  },
                  Array [
                    Object {
                      "borderRadius": 16,
                    },
                    Object {
                      "flexGrow": 1,
                    },
                  ],
                ]
              }
            >
              <View
                style={
                  Array [
                    Object {
                      "alignItems": "center",
                      "flexDirection": "row",
                      "flexGrow": 1,
                      "paddingLeft": 4,
                      "position": "relative",
                    },
                    Object {
                      "paddingRight": 4,
                    },
                  ]
                }
              >
                <Text
                  numberOfLines={1}
                  selectable={false}
                  style={
                    Array [
                      Object {
                        "color": "#000000",
                        "fontFamily": "System",
                        "fontWeight": "400",
                      },
                      Object {
                        "textAlign": "left",
                      },
                      Array [
                        Object {
                          "lineHeight": 24,
                          "marginVertical": 4,
                          "minHeight": 24,
                          "textAlignVertical": "center",
                        },
                        Object {
                          "color": "rgba(0, 0, 0, 0.87)",
                          "fontFamily": "System",
                          "fontWeight": "400",
                          "marginLeft": 8,
                          "marginRight": 8,
                        },
                        Object {
                          "color": "#000000",
                        },
                      ],
                    ]
                  }
                >
                  New
                </Text>
              </View>
            </View>
          </View>
        </View>
        <View
          style={Object {}}
        >
          <View
            pointerEvents="none"
            style={
              Array [
                Object {
                  "bottom": 0,
                  "left": 0,
                  "position": "absolute",
                  "right": 0,
                  "top": 6,
                },
                Object {
                  "backgroundColor": "#f6f6f6",
                  "borderColor": "rgba(0, 0, 0, 0.54)",
                  "borderRadius": 4,
                  "borderWidth": 1,
                },
              ]
            }
            testID="text-input-outline"
          />
          <View>
            <View
              style={
                Array [
                  Object {
                    "paddingBottom": 0,
                  },
                  Object {
                    "minHeight": 64,
                    "paddingTop": 8,
                  },
                ]
              }
            >
              <View
                collapsable={false}
                pointerEvents="none"
                style={
                  Object {
                    "bottom": 0,
                    "left": 0,
                    "opacity": 0,
                    "position": "absolute",
                    "right": 0,
                    "top": 0,
                    "transform": Array [
                      Object {
                        "translateX": 3,
                      },
                    ],
                    "zIndex": 3,
                  }
                }
              >
                <View
                  collapsable={false}
                  pointerEvents="none"
                  style={
                    Object {
                      "backgroundColor": "#f6f6f6",
                      "bottom": 4,
                      "left": 10,
                      "maxHeight": 2,
                      "opacity": 1,
                      "position": "absolute",
                      "right": 0,
                      "top": 6,
                      "transform": Array [
                        Object {
                          "translateX": -3,
                        },
                      ],
                      "width": 12,
                    }
                  }
                />
                <Text
                  collapsable={false}
                  numberOfLines={1}
                  style={
                    Object {
                      "backgroundColor": "#f6f6f6",
                      "color": "transparent",
                      "fontFamily": "System",
                      "fontSize": 16,
                      "fontWeight": undefined,
                      "left": 18,
                      "maxWidth": -28,
                      "opacity": 1,
                      "paddingHorizontal": 0,
                      "position": "absolute",
                      "textAlign": "left",
                      "top": 37,
                      "transform": Array [
                        Object {
                          "translateX": 0,
                        },
                        Object {
                          "translateY": -30,
                        },
                        Object {
                          "scale": 0.75,
                        },
                        Object {
                          "scaleY": 0.2,
                        },
                      ],
                      "writingDirection": "ltr",
                    }
                  }
                >
                  Price
                </Text>
                <Text
                  collapsable={false}
                  numberOfLines={1}
                  onLayout={[Function]}
                  style={
                    Object {
                      "color": "#6200ee",
                      "fontFamily": "System",
                      "fontSize": 16,
                      "fontWeight": undefined,
                      "left": 0,
                      "opacity": 0,
                      "paddingHorizontal": 14,
                      "position": "absolute",
                      "textAlign": "left",
                      "top": 36,
                      "transform": Array [
                        Object {
                          "translateX": 0,
                        },
                        Object {
                          "translateY": -30,
                        },
                        Object {
                          "scale": 0.75,
                        },
                      ],
                      "writingDirection": "ltr",
                    }
                  }
                >
                  Price
                </Text>
                <Text
                  collapsable={false}
                  numberOfLines={1}
                  style={
                    Object {
                      "color": "rgba(0, 0, 0, 0.54)",
                      "fontFamily": "System",
                      "fontSize": 16,
                      "fontWeight": undefined,
                      "left": 0,
                      "opacity": 0,
                      "paddingHorizontal": 14,
                      "position": "absolute",
                      "textAlign": "left",
                      "top": 36,
                      "transform": Array [
                        Object {
                          "translateX": 0,
                        },
                        Object {
                          "translateY": -30,
                        },
                        Object {
                          "scale": 0.75,
                        },
                      ],
                      "writingDirection": "ltr",
                    }
                  }
                >
                  Price
                </Text>
              </View>
              <TextInput
                editable={true}
                keyboardType="number-pad"
                multiline={false}
                onBlur={[Function]}
                onChangeText={[Function]}
                onFocus={[Function]}
                placeholder=""
                placeholderTextColor="rgba(0, 0, 0, 0.54)"
                selectionColor="#6200ee"
                style={
                  Array [
                    Object {
                      "flexGrow": 1,
                      "margin": 0,
                      "paddingHorizontal": 14,
                      "zIndex": 1,
                    },
                    Object {
                      "height": 56,
                    },
                    Object {
                      "paddingBottom": 0,
                      "paddingTop": 0,
                    },
                    Object {
                      "color": "#000000",
                      "fontFamily": "System",
                      "fontSize": 16,
                      "fontWeight": undefined,
                      "textAlign": "left",
                      "textAlignVertical": "center",
                    },
                    false,
                    Array [
                      Object {},
                    ],
                  ]
                }
                testID="text-input-outlined"
                underlineColorAndroid="transparent"
                value="23333111"
              />
            </View>
          </View>
        </View>
        <Text
          collapsable={false}
          onLayout={[Function]}
          style={
            Object {
              "color": "#B00020",
              "fontFamily": "System",
              "fontSize": 12,
              "fontWeight": "400",
              "opacity": 0,
              "paddingHorizontal": 12,
              "paddingVertical": 4,
              "textAlign": "left",
              "transform": Array [],
              "writingDirection": "ltr",
            }
          }
        >
          
        </Text>
        <View
          style={Object {}}
        >
          <View
            pointerEvents="none"
            style={
              Array [
                Object {
                  "bottom": 0,
                  "left": 0,
                  "position": "absolute",
                  "right": 0,
                  "top": 6,
                },
                Object {
                  "backgroundColor": "#f6f6f6",
                  "borderColor": "rgba(0, 0, 0, 0.54)",
                  "borderRadius": 4,
                  "borderWidth": 1,
                },
              ]
            }
            testID="text-input-outline"
          />
          <View>
            <View
              style={
                Array [
                  Object {
                    "paddingBottom": 0,
                  },
                  Object {
                    "minHeight": 64,
                    "paddingTop": 8,
                  },
                ]
              }
            >
              <View
                collapsable={false}
                pointerEvents="none"
                style={
                  Object {
                    "bottom": 0,
                    "left": 0,
                    "opacity": 0,
                    "position": "absolute",
                    "right": 0,
                    "top": 0,
                    "transform": Array [
                      Object {
                        "translateX": 0,
                      },
                    ],
                    "zIndex": 3,
                  }
                }
              >
                <View
                  collapsable={false}
                  pointerEvents="none"
                  style={
                    Object {
                      "backgroundColor": "#f6f6f6",
                      "bottom": 4,
                      "left": 10,
                      "maxHeight": 2,
                      "opacity": 0,
                      "position": "absolute",
                      "right": 0,
                      "top": 6,
                      "transform": Array [
                        Object {
                          "translateX": 0,
                        },
                      ],
                      "width": 12,
                    }
                  }
                />
                <Text
                  collapsable={false}
                  numberOfLines={1}
                  style={
                    Object {
                      "backgroundColor": "#f6f6f6",
                      "color": "transparent",
                      "fontFamily": "System",
                      "fontSize": 16,
                      "fontWeight": undefined,
                      "left": 18,
                      "maxWidth": -28,
                      "opacity": 0,
                      "paddingHorizontal": 0,
                      "position": "absolute",
                      "textAlign": "left",
                      "top": 37,
                      "transform": Array [
                        Object {
                          "translateX": 0,
                        },
                        Object {
                          "translateY": 0,
                        },
                        Object {
                          "scale": 1,
                        },
                        Object {
                          "scaleY": 1,
                        },
                      ],
                      "writingDirection": "ltr",
                    }
                  }
                >
                  Address
                </Text>
                <Text
                  collapsable={false}
                  numberOfLines={1}
                  onLayout={[Function]}
                  style={
                    Object {
                      "color": "#6200ee",
                      "fontFamily": "System",
                      "fontSize": 16,
                      "fontWeight": undefined,
                      "left": 0,
                      "opacity": 0,
                      "paddingHorizontal": 14,
                      "position": "absolute",
                      "textAlign": "left",
                      "top": 36,
                      "transform": Array [
                        Object {
                          "translateX": 0,
                        },
                        Object {
                          "translateY": 0,
                        },
                        Object {
                          "scale": 1,
                        },
                      ],
                      "writingDirection": "ltr",
                    }
                  }
                >
                  Address
                </Text>
                <Text
                  collapsable={false}
                  numberOfLines={1}
                  style={
                    Object {
                      "color": "rgba(0, 0, 0, 0.54)",
                      "fontFamily": "System",
                      "fontSize": 16,
                      "fontWeight": undefined,
                      "left": 0,
                      "opacity": 0,
                      "paddingHorizontal": 14,
                      "position": "absolute",
                      "textAlign": "left",
                      "top": 36,
                      "transform": Array [
                        Object {
                          "translateX": 0,
                        },
                        Object {
                          "translateY": 0,
                        },
                        Object {
                          "scale": 1,
                        },
                      ],
                      "writingDirection": "ltr",
                    }
                  }
                >
                  Address
                </Text>
              </View>
              <TextInput
                editable={true}
                multiline={false}
                onBlur={[Function]}
                onChangeText={[Function]}
                onFocus={[Function]}
                placeholder=""
                placeholderTextColor="rgba(0, 0, 0, 0.54)"
                selectionColor="#6200ee"
                style={
                  Array [
                    Object {
                      "flexGrow": 1,
                      "margin": 0,
                      "paddingHorizontal": 14,
                      "zIndex": 1,
                    },
                    Object {
                      "height": 56,
                    },
                    Object {
                      "paddingBottom": 0,
                      "paddingTop": 0,
                    },
                    Object {
                      "color": "#000000",
                      "fontFamily": "System",
                      "fontSize": 16,
                      "fontWeight": undefined,
                      "textAlign": "left",
                      "textAlignVertical": "center",
                    },
                    false,
                    Array [
                      Object {},
                    ],
                  ]
                }
                testID="text-input-outlined"
                underlineColorAndroid="transparent"
                value="199 Bergen Street, Bowie, Oregon, 7933"
              />
            </View>
          </View>
        </View>
      </View>
      <Text
        style={
          Object {
            "color": "#333",
            "fontWeight": "bold",
            "paddingHorizontal": 10,
          }
        }
      >
        Title and Description
      </Text>
      <View
        style={
          Object {
            "backgroundColor": "#ffffff",
            "marginBottom": 20,
            "padding": 10,
            "width": "100%",
          }
        }
      >
        <View
          style={Object {}}
        >
          <View
            pointerEvents="none"
            style={
              Array [
                Object {
                  "bottom": 0,
                  "left": 0,
                  "position": "absolute",
                  "right": 0,
                  "top": 6,
                },
                Object {
                  "backgroundColor": "#f6f6f6",
                  "borderColor": "rgba(0, 0, 0, 0.54)",
                  "borderRadius": 4,
                  "borderWidth": 1,
                },
              ]
            }
            testID="text-input-outline"
          />
          <View>
            <View
              style={
                Array [
                  Object {
                    "paddingBottom": 0,
                  },
                  Object {
                    "minHeight": 64,
                    "paddingTop": 8,
                  },
                ]
              }
            >
              <View
                collapsable={false}
                pointerEvents="none"
                style={
                  Object {
                    "bottom": 0,
                    "left": 0,
                    "opacity": 0,
                    "position": "absolute",
                    "right": 0,
                    "top": 0,
                    "transform": Array [
                      Object {
                        "translateX": 0,
                      },
                    ],
                    "zIndex": 3,
                  }
                }
              >
                <View
                  collapsable={false}
                  pointerEvents="none"
                  style={
                    Object {
                      "backgroundColor": "#f6f6f6",
                      "bottom": 4,
                      "left": 10,
                      "maxHeight": 2,
                      "opacity": 0,
                      "position": "absolute",
                      "right": 0,
                      "top": 6,
                      "transform": Array [
                        Object {
                          "translateX": 0,
                        },
                      ],
                      "width": 12,
                    }
                  }
                />
                <Text
                  collapsable={false}
                  numberOfLines={1}
                  style={
                    Object {
                      "backgroundColor": "#f6f6f6",
                      "color": "transparent",
                      "fontFamily": "System",
                      "fontSize": 16,
                      "fontWeight": undefined,
                      "left": 18,
                      "maxWidth": -28,
                      "opacity": 0,
                      "paddingHorizontal": 0,
                      "position": "absolute",
                      "textAlign": "left",
                      "top": 37,
                      "transform": Array [
                        Object {
                          "translateX": 0,
                        },
                        Object {
                          "translateY": 0,
                        },
                        Object {
                          "scale": 1,
                        },
                        Object {
                          "scaleY": 1,
                        },
                      ],
                      "writingDirection": "ltr",
                    }
                  }
                >
                  Title
                </Text>
                <Text
                  collapsable={false}
                  numberOfLines={1}
                  onLayout={[Function]}
                  style={
                    Object {
                      "color": "#6200ee",
                      "fontFamily": "System",
                      "fontSize": 16,
                      "fontWeight": undefined,
                      "left": 0,
                      "opacity": 0,
                      "paddingHorizontal": 14,
                      "position": "absolute",
                      "textAlign": "left",
                      "top": 36,
                      "transform": Array [
                        Object {
                          "translateX": 0,
                        },
                        Object {
                          "translateY": 0,
                        },
                        Object {
                          "scale": 1,
                        },
                      ],
                      "writingDirection": "ltr",
                    }
                  }
                >
                  Title
                </Text>
                <Text
                  collapsable={false}
                  numberOfLines={1}
                  style={
                    Object {
                      "color": "rgba(0, 0, 0, 0.54)",
                      "fontFamily": "System",
                      "fontSize": 16,
                      "fontWeight": undefined,
                      "left": 0,
                      "opacity": 0,
                      "paddingHorizontal": 14,
                      "position": "absolute",
                      "textAlign": "left",
                      "top": 36,
                      "transform": Array [
                        Object {
                          "translateX": 0,
                        },
                        Object {
                          "translateY": 0,
                        },
                        Object {
                          "scale": 1,
                        },
                      ],
                      "writingDirection": "ltr",
                    }
                  }
                >
                  Title
                </Text>
              </View>
              <TextInput
                editable={true}
                multiline={false}
                onBlur={[Function]}
                onChangeText={[Function]}
                onFocus={[Function]}
                placeholder=""
                placeholderTextColor="rgba(0, 0, 0, 0.54)"
                selectionColor="#6200ee"
                style={
                  Array [
                    Object {
                      "flexGrow": 1,
                      "margin": 0,
                      "paddingHorizontal": 14,
                      "zIndex": 1,
                    },
                    Object {
                      "height": 56,
                    },
                    Object {
                      "paddingBottom": 0,
                      "paddingTop": 0,
                    },
                    Object {
                      "color": "#000000",
                      "fontFamily": "System",
                      "fontSize": 16,
                      "fontWeight": undefined,
                      "textAlign": "left",
                      "textAlignVertical": "center",
                    },
                    false,
                    Array [
                      Object {},
                    ],
                  ]
                }
                testID="text-input-outlined"
                underlineColorAndroid="transparent"
                value="bb update"
              />
            </View>
          </View>
        </View>
        <Text
          collapsable={false}
          onLayout={[Function]}
          style={
            Object {
              "color": "#B00020",
              "fontFamily": "System",
              "fontSize": 12,
              "fontWeight": "400",
              "opacity": 0,
              "paddingHorizontal": 12,
              "paddingVertical": 4,
              "textAlign": "left",
              "transform": Array [],
              "writingDirection": "ltr",
            }
          }
        >
          
        </Text>
        <View
          style={Object {}}
        >
          <View
            pointerEvents="none"
            style={
              Array [
                Object {
                  "bottom": 0,
                  "left": 0,
                  "position": "absolute",
                  "right": 0,
                  "top": 6,
                },
                Object {
                  "backgroundColor": "#f6f6f6",
                  "borderColor": "rgba(0, 0, 0, 0.54)",
                  "borderRadius": 4,
                  "borderWidth": 1,
                },
              ]
            }
            testID="text-input-outline"
          />
          <View>
            <View
              style={
                Array [
                  Object {
                    "paddingBottom": 0,
                  },
                  Object {
                    "minHeight": 64,
                    "paddingTop": 8,
                  },
                ]
              }
            >
              <View
                collapsable={false}
                pointerEvents="none"
                style={
                  Object {
                    "bottom": 0,
                    "left": 0,
                    "opacity": 0,
                    "position": "absolute",
                    "right": 0,
                    "top": 0,
                    "transform": Array [
                      Object {
                        "translateX": 0,
                      },
                    ],
                    "zIndex": 3,
                  }
                }
              >
                <View
                  collapsable={false}
                  pointerEvents="none"
                  style={
                    Object {
                      "backgroundColor": "#f6f6f6",
                      "bottom": 4,
                      "left": 10,
                      "maxHeight": 2,
                      "opacity": 0,
                      "position": "absolute",
                      "right": 0,
                      "top": 6,
                      "transform": Array [
                        Object {
                          "translateX": 0,
                        },
                      ],
                      "width": 12,
                    }
                  }
                />
                <Text
                  collapsable={false}
                  numberOfLines={1}
                  style={
                    Object {
                      "backgroundColor": "#f6f6f6",
                      "color": "transparent",
                      "fontFamily": "System",
                      "fontSize": 16,
                      "fontWeight": undefined,
                      "left": 18,
                      "maxWidth": -28,
                      "opacity": 0,
                      "paddingHorizontal": 0,
                      "position": "absolute",
                      "textAlign": "left",
                      "top": 37,
                      "transform": Array [
                        Object {
                          "translateX": 0,
                        },
                        Object {
                          "translateY": 0,
                        },
                        Object {
                          "scale": 1,
                        },
                        Object {
                          "scaleY": 1,
                        },
                      ],
                      "writingDirection": "ltr",
                    }
                  }
                >
                  Description
                </Text>
                <Text
                  collapsable={false}
                  numberOfLines={1}
                  onLayout={[Function]}
                  style={
                    Object {
                      "color": "#6200ee",
                      "fontFamily": "System",
                      "fontSize": 16,
                      "fontWeight": undefined,
                      "left": 0,
                      "opacity": 0,
                      "paddingHorizontal": 14,
                      "position": "absolute",
                      "textAlign": "left",
                      "top": 36,
                      "transform": Array [
                        Object {
                          "translateX": 0,
                        },
                        Object {
                          "translateY": 0,
                        },
                        Object {
                          "scale": 1,
                        },
                      ],
                      "writingDirection": "ltr",
                    }
                  }
                >
                  Description
                </Text>
                <Text
                  collapsable={false}
                  numberOfLines={1}
                  style={
                    Object {
                      "color": "rgba(0, 0, 0, 0.54)",
                      "fontFamily": "System",
                      "fontSize": 16,
                      "fontWeight": undefined,
                      "left": 0,
                      "opacity": 0,
                      "paddingHorizontal": 14,
                      "position": "absolute",
                      "textAlign": "left",
                      "top": 36,
                      "transform": Array [
                        Object {
                          "translateX": 0,
                        },
                        Object {
                          "translateY": 0,
                        },
                        Object {
                          "scale": 1,
                        },
                      ],
                      "writingDirection": "ltr",
                    }
                  }
                >
                  Description
                </Text>
              </View>
              <TextInput
                editable={true}
                multiline={true}
                numberOfLines={4}
                onBlur={[Function]}
                onChangeText={[Function]}
                onFocus={[Function]}
                placeholder=""
                placeholderTextColor="rgba(0, 0, 0, 0.54)"
                selectionColor="#6200ee"
                style={
                  Array [
                    Object {
                      "flexGrow": 1,
                      "margin": 0,
                      "paddingHorizontal": 14,
                      "zIndex": 1,
                    },
                    Object {},
                    Object {
                      "paddingBottom": 22,
                      "paddingTop": 22,
                    },
                    Object {
                      "color": "#000000",
                      "fontFamily": "System",
                      "fontSize": 16,
                      "fontWeight": undefined,
                      "textAlign": "left",
                      "textAlignVertical": "top",
                    },
                    false,
                    Array [
                      Object {},
                    ],
                  ]
                }
                testID="text-input-outlined"
                underlineColorAndroid="transparent"
                value="bb"
              />
            </View>
          </View>
        </View>
        <Text
          collapsable={false}
          onLayout={[Function]}
          style={
            Object {
              "color": "#B00020",
              "fontFamily": "System",
              "fontSize": 12,
              "fontWeight": "400",
              "opacity": 0,
              "paddingHorizontal": 12,
              "paddingVertical": 4,
              "textAlign": "left",
              "transform": Array [],
              "writingDirection": "ltr",
            }
          }
        >
          
        </Text>
      </View>
      <View
        style={
          Object {
            "marginBottom": 40,
          }
        }
      >
        <View
          collapsable={false}
          style={
            Object {
              "backgroundColor": "#2e64e5",
              "borderColor": "transparent",
              "borderRadius": 4,
              "borderStyle": "solid",
              "borderWidth": 0,
              "elevation": 2,
              "minWidth": 64,
              "shadowColor": "#000000",
              "shadowOffset": Object {
                "height": 0.75,
                "width": 0,
              },
              "shadowOpacity": 0.24,
              "shadowRadius": 1.5,
            }
          }
        >
          <View
            accessibilityRole="button"
            accessibilityState={
              Object {
                "disabled": false,
              }
            }
            accessible={true}
            focusable={true}
            onClick={[Function]}
            onResponderGrant={[Function]}
            onResponderMove={[Function]}
            onResponderRelease={[Function]}
            onResponderTerminate={[Function]}
            onResponderTerminationRequest={[Function]}
            onStartShouldSetResponder={[Function]}
            style={
              Array [
                Object {
                  "overflow": "hidden",
                },
                Object {
                  "borderRadius": 4,
                },
              ]
            }
          >
            <View
              style={
                Array [
                  Object {
                    "alignItems": "center",
                    "flexDirection": "row",
                    "justifyContent": "center",
                  },
                  undefined,
                ]
              }
            >
              <Text
                numberOfLines={1}
                selectable={false}
                style={
                  Array [
                    Object {
                      "color": "#000000",
                      "fontFamily": "System",
                      "fontWeight": "400",
                    },
                    Object {
                      "textAlign": "left",
                    },
                    Array [
                      Object {
                        "letterSpacing": 1,
                        "marginHorizontal": 16,
                        "marginVertical": 9,
                        "textAlign": "center",
                      },
                      undefined,
                      Object {
                        "textTransform": "uppercase",
                      },
                      Object {
                        "color": "#ffffff",
                        "fontFamily": "System",
                        "fontWeight": "500",
                      },
                      Object {
                        "fontFamily": "System",
                        "fontWeight": "500",
                      },
                      undefined,
                    ],
                  ]
                }
              >
                Save
              </Text>
            </View>
          </View>
        </View>
      </View>
    </View>
  </RCTScrollView>
</View>
`;
